﻿[36mvite v8.0.7 [32mbuilding client environment for production...[36m[39m
[2K
node.exe : [31mÔ£ù[39m Build failed in 539ms
No linha:1 caractere:1
+ & "C:\Program Files\nodejs/node.exe" "C:\Users\muril\AppData\Roaming\ ...
+ ~~~~~~~~~~~~~~~~~~~~~~~~~~~~~~~~~~~~~~~~~~~~~~~~~~~~~~~~~~~~~~~~~~~~~
    + CategoryInfo          : NotSpecified: ([31mÔ£ù[39m Build failed in 539ms:Strin 
   g) [], RemoteException
    + FullyQualifiedErrorId : NativeCommandError
 
transforming...
PWA v1.2.0
mode      generateSW
precache  5 entries (11.39 KiB)
files generated
  dist/sw.js
  dist/workbox-8c29f6e4.js
[31merror during build:
[31mBuild failed with 1 error:

[plugin vite-plugin-pwa:build]
Error: Build failed with 1 error:

[plugin vite:css] 
C:/Users/muril/antigravity/projetos/jogos/Charque/src/style.css:undefined:NaN
Error: [postcss] It looks like you're trying to use `tailwindcss` directly as a 
PostCSS plugin. The PostCSS plugin has moved to a separate package, so to continue 
using Tailwind CSS with PostCSS you'll need to install `@tailwindcss/postcss` and 
update your PostCSS configuration.
    at at (C:\Users\muril\antigravity\projetos\jogos\Charque\node_modules\tailwindcss\d
ist\lib.js:38:1643)
    at LazyResult.runOnRoot (C:\Users\muril\antigravity\projetos\jogos\Charque\node_mod
ules\postcss\lib\lazy-result.js:361:16)
    at LazyResult.runAsync (C:\Users\muril\antigravity\projetos\jogos\Charque\node_modu
les\postcss\lib\lazy-result.js:290:26)
    at LazyResult.async (C:\Users\muril\antigravity\projetos\jogos\Charque\node_modules
\postcss\lib\lazy-result.js:192:30)
    at LazyResult.then (C:\Users\muril\antigravity\projetos\jogos\Charque\node_modules\
postcss\lib\lazy-result.js:436:17)
    at aggregateBindingErrorsIntoJsError (file:///C:/Users/muril/antigravity/projetos/j
ogos/Charque/node_modules/rolldown/dist/shared/error-DBGOT6sf.mjs:48:18)
    at plugin (file:///C:/Users/muril/antigravity/projetos/jogos/Charque/node_modules/r
olldown/dist/shared/bindingify-input-options-4E8MEYg4.mjs:1067:61)
    at plugin.<computed> (file:///C:/Users/muril/antigravity/projetos/jogos/Charque/nod
e_modules/rolldown/dist/shared/bindingify-input-options-4E8MEYg4.mjs:1636:18)[31m
    at aggregateBindingErrorsIntoJsError (file:///C:/Users/muril/antigravity/projetos/j
ogos/Charque/node_modules/rolldown/dist/shared/error-DBGOT6sf.mjs:48:18)
    at unwrapBindingResult (file:///C:/Users/muril/antigravity/projetos/jogos/Charque/n
ode_modules/rolldown/dist/shared/error-DBGOT6sf.mjs:18:128)
    at #build (file:///C:/Users/muril/antigravity/projetos/jogos/Charque/node_modules/r
olldown/dist/shared/rolldown-build-hRnqgxyz.mjs:3313:34)
    at async buildEnvironment (file:///C:/Users/muril/antigravity/projetos/jogos/Charqu
e/node_modules/vite/dist/node/chunks/node.js:32954:64)
    at async Object.build (file:///C:/Users/muril/antigravity/projetos/jogos/Charque/no
de_modules/vite/dist/node/chunks/node.js:33376:19)
    at async Object.buildApp (file:///C:/Users/muril/antigravity/projetos/jogos/Charque
/node_modules/vite/dist/node/chunks/node.js:33373:153)
    at async CAC.<anonymous> (file:///C:/Users/muril/antigravity/projetos/jogos/Charque
/node_modules/vite/dist/node/cli.js:778:3) {
  errors: [Getter/Setter]
}[39m
